// Jest Snapshot v1, https://goo.gl/fbAQLP

exports[`displays a list of review entries 1`] = `
<div
  style={
    {
      "maxHeight": "50%",
      "overflow": "auto",
    }
  }
/>
`;

exports[`renders component when given an array 1`] = `
[
  <style
    dangerouslySetInnerHTML={
      {
        "__html": ".css-17bk85d{max-height:75vh;overflow:auto;}",
      }
    }
    data-emotion="css 17bk85d"
  />,
  <div
    className="MuiBox-root css-17bk85d"
  />,
]
`;
